// Jest Snapshot v1, https://goo.gl/fbAQLP

exports[`StudioCard should render correctly with all the information passed 1`] = `
ShallowWrapper {
  Symbol(enzyme.__root__): [Circular],
  Symbol(enzyme.__unrendered__): <StudioCard
    address="1735 E 17th Ave, Denver, CO 80218"
    fee="$17.00"
    image="https://i.imgur.com/w7KfQWv.jpg"
    link="https://wholeyoga.com"
    mission="Where body and mind become whole."
    name="Whole Yoga"
    phone="(303)333-9642"
    rating={4.8}
    roundedRating="100%"
  />,
  Symbol(enzyme.__renderer__): Object {
    "batchedUpdates": [Function],
    "checkPropTypes": [Function],
    "getNode": [Function],
    "render": [Function],
    "simulateError": [Function],
    "simulateEvent": [Function],
    "unmount": [Function],
  },
  Symbol(enzyme.__node__): Object {
    "instance": null,
    "key": undefined,
    "nodeType": "host",
    "props": Object {
      "children": Array [
        <header
          className="cardCover"
        >
          <img
            alt="Group Yoga in studio"
            className="studioImg"
            src="https://i.imgur.com/w7KfQWv.jpg"
          />
          <h4
            className="studioName"
          >
            Whole Yoga
          </h4>
          <div
            className="studioFee"
          >
            $17.00
            <div
              className="dropInText"
            >
              drop in
            </div>
          </div>
        </header>,
        <main
          className="studioInfo"
        >
          <address
            className="contactInfo"
          >
            <p
              className="address"
            >
              1735 E 17th Ave, Denver, CO 80218
            </p>
            <a
              className="phoneNum"
              href="tel:3034162958"
            >
              (303)333-9642
            </a>
          </address>
          <div
            className="missionContainer"
          >
            <h4
              className="missionHeading"
            >
              Mission:
            </h4>
            <p
              className="studioMission"
            >
              Where body and mind become whole.
            </p>
          </div>
          <div
            className="inline"
          >
            <div
              className="starsOuter"
            >
              <div
                className="starsInner"
                style={
                  Object {
                    "width": "100%",
                  }
                }
              />
              <p
                className="studioRating"
              >
                4.8
              </p>
            </div>
          </div>
          <a
            className="studioLink"
            href="https://wholeyoga.com"
            rel="noopener noreferrer"
            target="_blank"
          >
            Learn More
          </a>
        </main>,
      ],
      "className": "studioCard",
    },
    "ref": null,
    "rendered": Array [
      Object {
        "instance": null,
        "key": undefined,
        "nodeType": "host",
        "props": Object {
          "children": Array [
            <img
              alt="Group Yoga in studio"
              className="studioImg"
              src="https://i.imgur.com/w7KfQWv.jpg"
            />,
            <h4
              className="studioName"
            >
              Whole Yoga
            </h4>,
            <div
              className="studioFee"
            >
              $17.00
              <div
                className="dropInText"
              >
                drop in
              </div>
            </div>,
          ],
          "className": "cardCover",
        },
        "ref": null,
        "rendered": Array [
          Object {
            "instance": null,
            "key": undefined,
            "nodeType": "host",
            "props": Object {
              "alt": "Group Yoga in studio",
              "className": "studioImg",
              "src": "https://i.imgur.com/w7KfQWv.jpg",
            },
            "ref": null,
            "rendered": null,
            "type": "img",
          },
          Object {
            "instance": null,
            "key": undefined,
            "nodeType": "host",
            "props": Object {
              "children": "Whole Yoga",
              "className": "studioName",
            },
            "ref": null,
            "rendered": "Whole Yoga",
            "type": "h4",
          },
          Object {
            "instance": null,
            "key": undefined,
            "nodeType": "host",
            "props": Object {
              "children": Array [
                "$17.00",
                <div
                  className="dropInText"
                >
                  drop in
                </div>,
              ],
              "className": "studioFee",
            },
            "ref": null,
            "rendered": Array [
              "$17.00",
              Object {
                "instance": null,
                "key": undefined,
                "nodeType": "host",
                "props": Object {
                  "children": "drop in",
                  "className": "dropInText",
                },
                "ref": null,
                "rendered": "drop in",
                "type": "div",
              },
            ],
            "type": "div",
          },
        ],
        "type": "header",
      },
      Object {
        "instance": null,
        "key": undefined,
        "nodeType": "host",
        "props": Object {
          "children": Array [
            <address
              className="contactInfo"
            >
              <p
                className="address"
              >
                1735 E 17th Ave, Denver, CO 80218
              </p>
              <a
                className="phoneNum"
                href="tel:3034162958"
              >
                (303)333-9642
              </a>
            </address>,
            <div
              className="missionContainer"
            >
              <h4
                className="missionHeading"
              >
                Mission:
              </h4>
              <p
                className="studioMission"
              >
                Where body and mind become whole.
              </p>
            </div>,
            <div
              className="inline"
            >
              <div
                className="starsOuter"
              >
                <div
                  className="starsInner"
                  style={
                    Object {
                      "width": "100%",
                    }
                  }
                />
                <p
                  className="studioRating"
                >
                  4.8
                </p>
              </div>
            </div>,
            <a
              className="studioLink"
              href="https://wholeyoga.com"
              rel="noopener noreferrer"
              target="_blank"
            >
              Learn More
            </a>,
          ],
          "className": "studioInfo",
        },
        "ref": null,
        "rendered": Array [
          Object {
            "instance": null,
            "key": undefined,
            "nodeType": "host",
            "props": Object {
              "children": Array [
                <p
                  className="address"
                >
                  1735 E 17th Ave, Denver, CO 80218
                </p>,
                <a
                  className="phoneNum"
                  href="tel:3034162958"
                >
                  (303)333-9642
                </a>,
              ],
              "className": "contactInfo",
            },
            "ref": null,
            "rendered": Array [
              Object {
                "instance": null,
                "key": undefined,
                "nodeType": "host",
                "props": Object {
                  "children": "1735 E 17th Ave, Denver, CO 80218",
                  "className": "address",
                },
                "ref": null,
                "rendered": "1735 E 17th Ave, Denver, CO 80218",
                "type": "p",
              },
              Object {
                "instance": null,
                "key": undefined,
                "nodeType": "host",
                "props": Object {
                  "children": "(303)333-9642",
                  "className": "phoneNum",
                  "href": "tel:3034162958",
                },
                "ref": null,
                "rendered": "(303)333-9642",
                "type": "a",
              },
            ],
            "type": "address",
          },
          Object {
            "instance": null,
            "key": undefined,
            "nodeType": "host",
            "props": Object {
              "children": Array [
                <h4
                  className="missionHeading"
                >
                  Mission:
                </h4>,
                <p
                  className="studioMission"
                >
                  Where body and mind become whole.
                </p>,
              ],
              "className": "missionContainer",
            },
            "ref": null,
            "rendered": Array [
              Object {
                "instance": null,
                "key": undefined,
                "nodeType": "host",
                "props": Object {
                  "children": "Mission:",
                  "className": "missionHeading",
                },
                "ref": null,
                "rendered": "Mission:",
                "type": "h4",
              },
              Object {
                "instance": null,
                "key": undefined,
                "nodeType": "host",
                "props": Object {
                  "children": "Where body and mind become whole.",
                  "className": "studioMission",
                },
                "ref": null,
                "rendered": "Where body and mind become whole.",
                "type": "p",
              },
            ],
            "type": "div",
          },
          Object {
            "instance": null,
            "key": undefined,
            "nodeType": "host",
            "props": Object {
              "children": <div
                className="starsOuter"
              >
                <div
                  className="starsInner"
                  style={
                    Object {
                      "width": "100%",
                    }
                  }
                />
                <p
                  className="studioRating"
                >
                  4.8
                </p>
              </div>,
              "className": "inline",
            },
            "ref": null,
            "rendered": Object {
              "instance": null,
              "key": undefined,
              "nodeType": "host",
              "props": Object {
                "children": Array [
                  <div
                    className="starsInner"
                    style={
                      Object {
                        "width": "100%",
                      }
                    }
                  />,
                  <p
                    className="studioRating"
                  >
                    4.8
                  </p>,
                ],
                "className": "starsOuter",
              },
              "ref": null,
              "rendered": Array [
                Object {
                  "instance": null,
                  "key": undefined,
                  "nodeType": "host",
                  "props": Object {
                    "className": "starsInner",
                    "style": Object {
                      "width": "100%",
                    },
                  },
                  "ref": null,
                  "rendered": null,
                  "type": "div",
                },
                Object {
                  "instance": null,
                  "key": undefined,
                  "nodeType": "host",
                  "props": Object {
                    "children": 4.8,
                    "className": "studioRating",
                  },
                  "ref": null,
                  "rendered": 4.8,
                  "type": "p",
                },
              ],
              "type": "div",
            },
            "type": "div",
          },
          Object {
            "instance": null,
            "key": undefined,
            "nodeType": "host",
            "props": Object {
              "children": "Learn More",
              "className": "studioLink",
              "href": "https://wholeyoga.com",
              "rel": "noopener noreferrer",
              "target": "_blank",
            },
            "ref": null,
            "rendered": "Learn More",
            "type": "a",
          },
        ],
        "type": "main",
      },
    ],
    "type": "article",
  },
  Symbol(enzyme.__nodes__): Array [
    Object {
      "instance": null,
      "key": undefined,
      "nodeType": "host",
      "props": Object {
        "children": Array [
          <header
            className="cardCover"
          >
            <img
              alt="Group Yoga in studio"
              className="studioImg"
              src="https://i.imgur.com/w7KfQWv.jpg"
            />
            <h4
              className="studioName"
            >
              Whole Yoga
            </h4>
            <div
              className="studioFee"
            >
              $17.00
              <div
                className="dropInText"
              >
                drop in
              </div>
            </div>
          </header>,
          <main
            className="studioInfo"
          >
            <address
              className="contactInfo"
            >
              <p
                className="address"
              >
                1735 E 17th Ave, Denver, CO 80218
              </p>
              <a
                className="phoneNum"
                href="tel:3034162958"
              >
                (303)333-9642
              </a>
            </address>
            <div
              className="missionContainer"
            >
              <h4
                className="missionHeading"
              >
                Mission:
              </h4>
              <p
                className="studioMission"
              >
                Where body and mind become whole.
              </p>
            </div>
            <div
              className="inline"
            >
              <div
                className="starsOuter"
              >
                <div
                  className="starsInner"
                  style={
                    Object {
                      "width": "100%",
                    }
                  }
                />
                <p
                  className="studioRating"
                >
                  4.8
                </p>
              </div>
            </div>
            <a
              className="studioLink"
              href="https://wholeyoga.com"
              rel="noopener noreferrer"
              target="_blank"
            >
              Learn More
            </a>
          </main>,
        ],
        "className": "studioCard",
      },
      "ref": null,
      "rendered": Array [
        Object {
          "instance": null,
          "key": undefined,
          "nodeType": "host",
          "props": Object {
            "children": Array [
              <img
                alt="Group Yoga in studio"
                className="studioImg"
                src="https://i.imgur.com/w7KfQWv.jpg"
              />,
              <h4
                className="studioName"
              >
                Whole Yoga
              </h4>,
              <div
                className="studioFee"
              >
                $17.00
                <div
                  className="dropInText"
                >
                  drop in
                </div>
              </div>,
            ],
            "className": "cardCover",
          },
          "ref": null,
          "rendered": Array [
            Object {
              "instance": null,
              "key": undefined,
              "nodeType": "host",
              "props": Object {
                "alt": "Group Yoga in studio",
                "className": "studioImg",
                "src": "https://i.imgur.com/w7KfQWv.jpg",
              },
              "ref": null,
              "rendered": null,
              "type": "img",
            },
            Object {
              "instance": null,
              "key": undefined,
              "nodeType": "host",
              "props": Object {
                "children": "Whole Yoga",
                "className": "studioName",
              },
              "ref": null,
              "rendered": "Whole Yoga",
              "type": "h4",
            },
            Object {
              "instance": null,
              "key": undefined,
              "nodeType": "host",
              "props": Object {
                "children": Array [
                  "$17.00",
                  <div
                    className="dropInText"
                  >
                    drop in
                  </div>,
                ],
                "className": "studioFee",
              },
              "ref": null,
              "rendered": Array [
                "$17.00",
                Object {
                  "instance": null,
                  "key": undefined,
                  "nodeType": "host",
                  "props": Object {
                    "children": "drop in",
                    "className": "dropInText",
                  },
                  "ref": null,
                  "rendered": "drop in",
                  "type": "div",
                },
              ],
              "type": "div",
            },
          ],
          "type": "header",
        },
        Object {
          "instance": null,
          "key": undefined,
          "nodeType": "host",
          "props": Object {
            "children": Array [
              <address
                className="contactInfo"
              >
                <p
                  className="address"
                >
                  1735 E 17th Ave, Denver, CO 80218
                </p>
                <a
                  className="phoneNum"
                  href="tel:3034162958"
                >
                  (303)333-9642
                </a>
              </address>,
              <div
                className="missionContainer"
              >
                <h4
                  className="missionHeading"
                >
                  Mission:
                </h4>
                <p
                  className="studioMission"
                >
                  Where body and mind become whole.
                </p>
              </div>,
              <div
                className="inline"
              >
                <div
                  className="starsOuter"
                >
                  <div
                    className="starsInner"
                    style={
                      Object {
                        "width": "100%",
                      }
                    }
                  />
                  <p
                    className="studioRating"
                  >
                    4.8
                  </p>
                </div>
              </div>,
              <a
                className="studioLink"
                href="https://wholeyoga.com"
                rel="noopener noreferrer"
                target="_blank"
              >
                Learn More
              </a>,
            ],
            "className": "studioInfo",
          },
          "ref": null,
          "rendered": Array [
            Object {
              "instance": null,
              "key": undefined,
              "nodeType": "host",
              "props": Object {
                "children": Array [
                  <p
                    className="address"
                  >
                    1735 E 17th Ave, Denver, CO 80218
                  </p>,
                  <a
                    className="phoneNum"
                    href="tel:3034162958"
                  >
                    (303)333-9642
                  </a>,
                ],
                "className": "contactInfo",
              },
              "ref": null,
              "rendered": Array [
                Object {
                  "instance": null,
                  "key": undefined,
                  "nodeType": "host",
                  "props": Object {
                    "children": "1735 E 17th Ave, Denver, CO 80218",
                    "className": "address",
                  },
                  "ref": null,
                  "rendered": "1735 E 17th Ave, Denver, CO 80218",
                  "type": "p",
                },
                Object {
                  "instance": null,
                  "key": undefined,
                  "nodeType": "host",
                  "props": Object {
                    "children": "(303)333-9642",
                    "className": "phoneNum",
                    "href": "tel:3034162958",
                  },
                  "ref": null,
                  "rendered": "(303)333-9642",
                  "type": "a",
                },
              ],
              "type": "address",
            },
            Object {
              "instance": null,
              "key": undefined,
              "nodeType": "host",
              "props": Object {
                "children": Array [
                  <h4
                    className="missionHeading"
                  >
                    Mission:
                  </h4>,
                  <p
                    className="studioMission"
                  >
                    Where body and mind become whole.
                  </p>,
                ],
                "className": "missionContainer",
              },
              "ref": null,
              "rendered": Array [
                Object {
                  "instance": null,
                  "key": undefined,
                  "nodeType": "host",
                  "props": Object {
                    "children": "Mission:",
                    "className": "missionHeading",
                  },
                  "ref": null,
                  "rendered": "Mission:",
                  "type": "h4",
                },
                Object {
                  "instance": null,
                  "key": undefined,
                  "nodeType": "host",
                  "props": Object {
                    "children": "Where body and mind become whole.",
                    "className": "studioMission",
                  },
                  "ref": null,
                  "rendered": "Where body and mind become whole.",
                  "type": "p",
                },
              ],
              "type": "div",
            },
            Object {
              "instance": null,
              "key": undefined,
              "nodeType": "host",
              "props": Object {
                "children": <div
                  className="starsOuter"
                >
                  <div
                    className="starsInner"
                    style={
                      Object {
                        "width": "100%",
                      }
                    }
                  />
                  <p
                    className="studioRating"
                  >
                    4.8
                  </p>
                </div>,
                "className": "inline",
              },
              "ref": null,
              "rendered": Object {
                "instance": null,
                "key": undefined,
                "nodeType": "host",
                "props": Object {
                  "children": Array [
                    <div
                      className="starsInner"
                      style={
                        Object {
                          "width": "100%",
                        }
                      }
                    />,
                    <p
                      className="studioRating"
                    >
                      4.8
                    </p>,
                  ],
                  "className": "starsOuter",
                },
                "ref": null,
                "rendered": Array [
                  Object {
                    "instance": null,
                    "key": undefined,
                    "nodeType": "host",
                    "props": Object {
                      "className": "starsInner",
                      "style": Object {
                        "width": "100%",
                      },
                    },
                    "ref": null,
                    "rendered": null,
                    "type": "div",
                  },
                  Object {
                    "instance": null,
                    "key": undefined,
                    "nodeType": "host",
                    "props": Object {
                      "children": 4.8,
                      "className": "studioRating",
                    },
                    "ref": null,
                    "rendered": 4.8,
                    "type": "p",
                  },
                ],
                "type": "div",
              },
              "type": "div",
            },
            Object {
              "instance": null,
              "key": undefined,
              "nodeType": "host",
              "props": Object {
                "children": "Learn More",
                "className": "studioLink",
                "href": "https://wholeyoga.com",
                "rel": "noopener noreferrer",
                "target": "_blank",
              },
              "ref": null,
              "rendered": "Learn More",
              "type": "a",
            },
          ],
          "type": "main",
        },
      ],
      "type": "article",
    },
  ],
  Symbol(enzyme.__options__): Object {
    "adapter": ReactSixteenAdapter {
      "options": Object {
        "enableComponentDidUpdateOnSetState": true,
        "legacyContextMode": "parent",
        "lifecycles": Object {
          "componentDidUpdate": Object {
            "onSetState": true,
          },
          "getChildContext": Object {
            "calledByRenderer": false,
          },
          "getDerivedStateFromError": true,
          "getDerivedStateFromProps": Object {
            "hasShouldComponentUpdateBug": false,
          },
          "getSnapshotBeforeUpdate": true,
          "setState": Object {
            "skipsComponentDidUpdateOnNullish": true,
          },
        },
      },
    },
  },
  Symbol(enzyme.__childContext__): null,
}
`;
