// Jest Snapshot v1, https://goo.gl/fbAQLP

exports[`Header should match snapshot 1`] = `
<header
  className="pageHeader"
>
  <section
    className="banner"
  >
    <Nav />
    <h1
      className="coyoHeading"
    >
      <div
        className="headingText coHeadingText"
      >
        CO
      </div>
      <div
        className="headingText yoHeadingText"
      >
        YO
      </div>
    </h1>
    <h2
      className="fullNameHeading"
    >
      colorado yoga collective
    </h2>
  </section>
  <section
    className="temp"
  />
</header>
`;
