// Jest Snapshot v1, https://goo.gl/fbAQLP

exports[`Header should match snapshot 1`] = `
ShallowWrapper {
  Symbol(enzyme.__root__): [Circular],
  Symbol(enzyme.__unrendered__): <Header />,
  Symbol(enzyme.__renderer__): Object {
    "batchedUpdates": [Function],
    "checkPropTypes": [Function],
    "getNode": [Function],
    "render": [Function],
    "simulateError": [Function],
    "simulateEvent": [Function],
    "unmount": [Function],
  },
  Symbol(enzyme.__node__): Object {
    "instance": null,
    "key": undefined,
    "nodeType": "host",
    "props": Object {
      "children": Array [
        <section
          className="banner"
        >
          <h1
            className="coyoHeading"
          >
            <div
              className="headingText co"
            >
              CO
            </div>
            <div
              className="headingText yo"
            >
              YO
            </div>
          </h1>
          <h2
            className="fullNameHeading"
          >
            colorado yoga collective
          </h2>
        </section>,
        <section
          className="temp"
        />,
      ],
      "className": "pageHeader",
    },
    "ref": null,
    "rendered": Array [
      Object {
        "instance": null,
        "key": undefined,
        "nodeType": "host",
        "props": Object {
          "children": Array [
            <h1
              className="coyoHeading"
            >
              <div
                className="headingText co"
              >
                CO
              </div>
              <div
                className="headingText yo"
              >
                YO
              </div>
            </h1>,
            <h2
              className="fullNameHeading"
            >
              colorado yoga collective
            </h2>,
          ],
          "className": "banner",
        },
        "ref": null,
        "rendered": Array [
          Object {
            "instance": null,
            "key": undefined,
            "nodeType": "host",
            "props": Object {
              "children": Array [
                <div
                  className="headingText co"
                >
                  CO
                </div>,
                <div
                  className="headingText yo"
                >
                  YO
                </div>,
              ],
              "className": "coyoHeading",
            },
            "ref": null,
            "rendered": Array [
              Object {
                "instance": null,
                "key": undefined,
                "nodeType": "host",
                "props": Object {
                  "children": "CO",
                  "className": "headingText co",
                },
                "ref": null,
                "rendered": "CO",
                "type": "div",
              },
              Object {
                "instance": null,
                "key": undefined,
                "nodeType": "host",
                "props": Object {
                  "children": "YO",
                  "className": "headingText yo",
                },
                "ref": null,
                "rendered": "YO",
                "type": "div",
              },
            ],
            "type": "h1",
          },
          Object {
            "instance": null,
            "key": undefined,
            "nodeType": "host",
            "props": Object {
              "children": "colorado yoga collective",
              "className": "fullNameHeading",
            },
            "ref": null,
            "rendered": "colorado yoga collective",
            "type": "h2",
          },
        ],
        "type": "section",
      },
      Object {
        "instance": null,
        "key": undefined,
        "nodeType": "host",
        "props": Object {
          "className": "temp",
        },
        "ref": null,
        "rendered": null,
        "type": "section",
      },
    ],
    "type": "header",
  },
  Symbol(enzyme.__nodes__): Array [
    Object {
      "instance": null,
      "key": undefined,
      "nodeType": "host",
      "props": Object {
        "children": Array [
          <section
            className="banner"
          >
            <h1
              className="coyoHeading"
            >
              <div
                className="headingText co"
              >
                CO
              </div>
              <div
                className="headingText yo"
              >
                YO
              </div>
            </h1>
            <h2
              className="fullNameHeading"
            >
              colorado yoga collective
            </h2>
          </section>,
          <section
            className="temp"
          />,
        ],
        "className": "pageHeader",
      },
      "ref": null,
      "rendered": Array [
        Object {
          "instance": null,
          "key": undefined,
          "nodeType": "host",
          "props": Object {
            "children": Array [
              <h1
                className="coyoHeading"
              >
                <div
                  className="headingText co"
                >
                  CO
                </div>
                <div
                  className="headingText yo"
                >
                  YO
                </div>
              </h1>,
              <h2
                className="fullNameHeading"
              >
                colorado yoga collective
              </h2>,
            ],
            "className": "banner",
          },
          "ref": null,
          "rendered": Array [
            Object {
              "instance": null,
              "key": undefined,
              "nodeType": "host",
              "props": Object {
                "children": Array [
                  <div
                    className="headingText co"
                  >
                    CO
                  </div>,
                  <div
                    className="headingText yo"
                  >
                    YO
                  </div>,
                ],
                "className": "coyoHeading",
              },
              "ref": null,
              "rendered": Array [
                Object {
                  "instance": null,
                  "key": undefined,
                  "nodeType": "host",
                  "props": Object {
                    "children": "CO",
                    "className": "headingText co",
                  },
                  "ref": null,
                  "rendered": "CO",
                  "type": "div",
                },
                Object {
                  "instance": null,
                  "key": undefined,
                  "nodeType": "host",
                  "props": Object {
                    "children": "YO",
                    "className": "headingText yo",
                  },
                  "ref": null,
                  "rendered": "YO",
                  "type": "div",
                },
              ],
              "type": "h1",
            },
            Object {
              "instance": null,
              "key": undefined,
              "nodeType": "host",
              "props": Object {
                "children": "colorado yoga collective",
                "className": "fullNameHeading",
              },
              "ref": null,
              "rendered": "colorado yoga collective",
              "type": "h2",
            },
          ],
          "type": "section",
        },
        Object {
          "instance": null,
          "key": undefined,
          "nodeType": "host",
          "props": Object {
            "className": "temp",
          },
          "ref": null,
          "rendered": null,
          "type": "section",
        },
      ],
      "type": "header",
    },
  ],
  Symbol(enzyme.__options__): Object {
    "adapter": ReactSixteenAdapter {
      "options": Object {
        "enableComponentDidUpdateOnSetState": true,
        "legacyContextMode": "parent",
        "lifecycles": Object {
          "componentDidUpdate": Object {
            "onSetState": true,
          },
          "getChildContext": Object {
            "calledByRenderer": false,
          },
          "getDerivedStateFromError": true,
          "getDerivedStateFromProps": Object {
            "hasShouldComponentUpdateBug": false,
          },
          "getSnapshotBeforeUpdate": true,
          "setState": Object {
            "skipsComponentDidUpdateOnNullish": true,
          },
        },
      },
    },
  },
}
`;
