// Jest Snapshot v1, https://goo.gl/fbAQLP

exports[`Search should match snapshot 1`] = `
<section
  className="searchStudioContainer"
>
  <form
    className="searchStudio"
    data-test="search-studio"
    onSubmit={[Function]}
  >
    <input
      className="studioSearch"
      data-test="search-input"
      onChange={[Function]}
      placeholder="Search By Studio Name"
      type="text"
      value=""
    />
  </form>
</section>
`;
