// Jest Snapshot v1, https://goo.gl/fbAQLP

exports[`Controls should match snapshot 1`] = `
<section
  className="btnContainer"
>
  <input
    className="showAll"
    data-test="show-all-button"
    onClick={[Function]}
    type="submit"
    value="Show all studios"
  />
  <input
    className="sort"
    data-test="sort-price-button"
    onClick={[Function]}
    type="submit"
    value="Sort by price"
  />
</section>
`;
