// Jest Snapshot v1, https://goo.gl/fbAQLP

exports[`TypeCard should render correctly with all the information passed 1`] = `
ShallowWrapper {
  Symbol(enzyme.__root__): [Circular],
  Symbol(enzyme.__unrendered__): <TypeCard
    beginnerFriendly={true}
    commonPoses={
      Array [
        "Vrikshasana",
        "Salabhasana",
        "Tadasana",
        "Uttanasana",
        "Adho Mukha Svanasana",
        "Setu Bandhasana",
      ]
    }
    name="Hatha"
    propsUsed={false}
    purpose="To align and calm your body, mind, and spirit in preparation for meditation."
  />,
  Symbol(enzyme.__renderer__): Object {
    "batchedUpdates": [Function],
    "checkPropTypes": [Function],
    "getNode": [Function],
    "render": [Function],
    "simulateError": [Function],
    "simulateEvent": [Function],
    "unmount": [Function],
  },
  Symbol(enzyme.__node__): Object {
    "instance": null,
    "key": undefined,
    "nodeType": "host",
    "props": Object {
      "children": Array [
        <h4
          className="typeHeading"
        >
          Hatha
        </h4>,
        <h5
          className="purpose"
        >
          Purpose:
        </h5>,
        <h5
          className="purpose"
        >
          To align and calm your body, mind, and spirit in preparation for meditation.
        </h5>,
        <p
          className="beginner"
        >
          Difficulty:
        </p>,
        <p
          className="beginner"
        >
          Beginner friendly
        </p>,
        <p
          className="poses"
        >
          Poses: 
        </p>,
        <p
          className="poses"
        >
          Vrikshasana
          Salabhasana
          Tadasana
          Uttanasana
          Adho Mukha Svanasana
          Setu Bandhasana
        </p>,
        <input
          className="findStudioBtn"
          onClick={[Function]}
          type="submit"
          value="Find Studios"
        />,
      ],
      "className": "yogaTypeCard",
    },
    "ref": null,
    "rendered": Array [
      Object {
        "instance": null,
        "key": undefined,
        "nodeType": "host",
        "props": Object {
          "children": "Hatha",
          "className": "typeHeading",
        },
        "ref": null,
        "rendered": "Hatha",
        "type": "h4",
      },
      Object {
        "instance": null,
        "key": undefined,
        "nodeType": "host",
        "props": Object {
          "children": "Purpose:",
          "className": "purpose",
        },
        "ref": null,
        "rendered": "Purpose:",
        "type": "h5",
      },
      Object {
        "instance": null,
        "key": undefined,
        "nodeType": "host",
        "props": Object {
          "children": "To align and calm your body, mind, and spirit in preparation for meditation.",
          "className": "purpose",
        },
        "ref": null,
        "rendered": "To align and calm your body, mind, and spirit in preparation for meditation.",
        "type": "h5",
      },
      Object {
        "instance": null,
        "key": undefined,
        "nodeType": "host",
        "props": Object {
          "children": "Difficulty:",
          "className": "beginner",
        },
        "ref": null,
        "rendered": "Difficulty:",
        "type": "p",
      },
      Object {
        "instance": null,
        "key": undefined,
        "nodeType": "host",
        "props": Object {
          "children": "Beginner friendly",
          "className": "beginner",
        },
        "ref": null,
        "rendered": "Beginner friendly",
        "type": "p",
      },
      Object {
        "instance": null,
        "key": undefined,
        "nodeType": "host",
        "props": Object {
          "children": "Poses: ",
          "className": "poses",
        },
        "ref": null,
        "rendered": "Poses: ",
        "type": "p",
      },
      Object {
        "instance": null,
        "key": undefined,
        "nodeType": "host",
        "props": Object {
          "children": Array [
            "Vrikshasana",
            "Salabhasana",
            "Tadasana",
            "Uttanasana",
            "Adho Mukha Svanasana",
            "Setu Bandhasana",
          ],
          "className": "poses",
        },
        "ref": null,
        "rendered": Array [
          "Vrikshasana",
          "Salabhasana",
          "Tadasana",
          "Uttanasana",
          "Adho Mukha Svanasana",
          "Setu Bandhasana",
        ],
        "type": "p",
      },
      Object {
        "instance": null,
        "key": undefined,
        "nodeType": "host",
        "props": Object {
          "className": "findStudioBtn",
          "id": undefined,
          "onClick": [Function],
          "type": "submit",
          "value": "Find Studios",
        },
        "ref": null,
        "rendered": null,
        "type": "input",
      },
    ],
    "type": "section",
  },
  Symbol(enzyme.__nodes__): Array [
    Object {
      "instance": null,
      "key": undefined,
      "nodeType": "host",
      "props": Object {
        "children": Array [
          <h4
            className="typeHeading"
          >
            Hatha
          </h4>,
          <h5
            className="purpose"
          >
            Purpose:
          </h5>,
          <h5
            className="purpose"
          >
            To align and calm your body, mind, and spirit in preparation for meditation.
          </h5>,
          <p
            className="beginner"
          >
            Difficulty:
          </p>,
          <p
            className="beginner"
          >
            Beginner friendly
          </p>,
          <p
            className="poses"
          >
            Poses: 
          </p>,
          <p
            className="poses"
          >
            Vrikshasana
            Salabhasana
            Tadasana
            Uttanasana
            Adho Mukha Svanasana
            Setu Bandhasana
          </p>,
          <input
            className="findStudioBtn"
            onClick={[Function]}
            type="submit"
            value="Find Studios"
          />,
        ],
        "className": "yogaTypeCard",
      },
      "ref": null,
      "rendered": Array [
        Object {
          "instance": null,
          "key": undefined,
          "nodeType": "host",
          "props": Object {
            "children": "Hatha",
            "className": "typeHeading",
          },
          "ref": null,
          "rendered": "Hatha",
          "type": "h4",
        },
        Object {
          "instance": null,
          "key": undefined,
          "nodeType": "host",
          "props": Object {
            "children": "Purpose:",
            "className": "purpose",
          },
          "ref": null,
          "rendered": "Purpose:",
          "type": "h5",
        },
        Object {
          "instance": null,
          "key": undefined,
          "nodeType": "host",
          "props": Object {
            "children": "To align and calm your body, mind, and spirit in preparation for meditation.",
            "className": "purpose",
          },
          "ref": null,
          "rendered": "To align and calm your body, mind, and spirit in preparation for meditation.",
          "type": "h5",
        },
        Object {
          "instance": null,
          "key": undefined,
          "nodeType": "host",
          "props": Object {
            "children": "Difficulty:",
            "className": "beginner",
          },
          "ref": null,
          "rendered": "Difficulty:",
          "type": "p",
        },
        Object {
          "instance": null,
          "key": undefined,
          "nodeType": "host",
          "props": Object {
            "children": "Beginner friendly",
            "className": "beginner",
          },
          "ref": null,
          "rendered": "Beginner friendly",
          "type": "p",
        },
        Object {
          "instance": null,
          "key": undefined,
          "nodeType": "host",
          "props": Object {
            "children": "Poses: ",
            "className": "poses",
          },
          "ref": null,
          "rendered": "Poses: ",
          "type": "p",
        },
        Object {
          "instance": null,
          "key": undefined,
          "nodeType": "host",
          "props": Object {
            "children": Array [
              "Vrikshasana",
              "Salabhasana",
              "Tadasana",
              "Uttanasana",
              "Adho Mukha Svanasana",
              "Setu Bandhasana",
            ],
            "className": "poses",
          },
          "ref": null,
          "rendered": Array [
            "Vrikshasana",
            "Salabhasana",
            "Tadasana",
            "Uttanasana",
            "Adho Mukha Svanasana",
            "Setu Bandhasana",
          ],
          "type": "p",
        },
        Object {
          "instance": null,
          "key": undefined,
          "nodeType": "host",
          "props": Object {
            "className": "findStudioBtn",
            "id": undefined,
            "onClick": [Function],
            "type": "submit",
            "value": "Find Studios",
          },
          "ref": null,
          "rendered": null,
          "type": "input",
        },
      ],
      "type": "section",
    },
  ],
  Symbol(enzyme.__options__): Object {
    "adapter": ReactSixteenAdapter {
      "options": Object {
        "enableComponentDidUpdateOnSetState": true,
        "legacyContextMode": "parent",
        "lifecycles": Object {
          "componentDidUpdate": Object {
            "onSetState": true,
          },
          "getChildContext": Object {
            "calledByRenderer": false,
          },
          "getDerivedStateFromError": true,
          "getDerivedStateFromProps": Object {
            "hasShouldComponentUpdateBug": false,
          },
          "getSnapshotBeforeUpdate": true,
          "setState": Object {
            "skipsComponentDidUpdateOnNullish": true,
          },
        },
      },
    },
  },
  Symbol(enzyme.__childContext__): null,
}
`;
